<?xml version="1.0" encoding="utf-8"?><testsuites><testsuite name="pytest" errors="0" failures="0" skipped="0" tests="4" time="8.037" timestamp="2023-07-22T18:49:34.324766" hostname="LAPTOP-AM8AROCO"><testcase classname="tests.integration.test_api.TestBatchPipeline" name="test_should_failed_unkown_column_1" time="0.035" /><testcase classname="tests.integration.test_api.TestBatchPipeline" name="test_should_failed_unkown_column_2" time="0.010" /><testcase classname="tests.integration.test_api.TestBatchPipeline" name="test_should_failed_unkown_column_3" time="0.007" /><testcase classname="tests.integration.test_api.TestBatchPipeline" name="test_should_get_predict" time="0.016" /></testsuite></testsuites>